// Jest Snapshot v1, https://goo.gl/fbAQLP

exports[`<App /> renders without crashing 1`] = `
<Provider
  store={
    Object {
      "dispatch": [Function],
      "getState": [Function],
      "replaceReducer": [Function],
      "subscribe": [Function],
      Symbol(observable): [Function],
    }
  }
>
  <ConnectFunction />
</Provider>
`;
