// Jest Snapshot v1, https://goo.gl/fbAQLP

exports[`Error Screen renders without crashing 1`] = `
<div
  style={
    Object {
      "alignItems": "center",
      "color": "#e6e6e6",
      "display": "flex",
      "fontSize": "3rem",
      "fontWeight": 700,
      "justifyContent": "center",
      "textAlign": "center",
    }
  }
>
  404
  <br />
  Page Not Found
</div>
`;
